$ pnpm build:parlor && next build
$ pnpm --filter './vendor/parlor/**' -r build
Scope: 5 of 6 workspace projects
vendor/parlor/packages/auth build$ tsc -p tsconfig.json
vendor/parlor/packages/core build$ tsc -p tsconfig.json
vendor/parlor/packages/core build: Done
vendor/parlor/packages/web build$ tsc -p tsconfig.json
vendor/parlor/packages/auth build: Done
vendor/parlor/integrations/convex build$ tsc -p tsconfig.json
vendor/parlor/packages/web build: Done
vendor/parlor/packages/react build$ tsc -p tsconfig.json
vendor/parlor/packages/react build: Done
vendor/parlor/integrations/convex build: Done
▲ Next.js 16.3.4 (Turbopack)
- Environments: .env.local
✓ Running next.config.ts took 222ms

  Creating an optimized production build ...
✓ Compiled successfully in 222ms
  Running TypeScript ...
  Finished TypeScript in 522ms ...
  Collecting page data using 1 worker ...
  Generating static pages using 1 worker (0/5) ...
  Generating static pages using 1 worker (1/5) 
  Generating static pages using 1 worker (2/5) 
  Generating static pages using 1 worker (3/5) 
✓ Generating static pages using 1 worker (5/5) in 263ms
  Finalizing page optimization ...

Route (app)
┌ ○ /
├ ○ /_not-found
├ ƒ /api/guest
├ ƒ /api/health
└ ○ /icon.svg


○  (Static)   prerendered as static content
ƒ  (Dynamic)  server-rendered on demand

