SOURCE_SHA=cde5dc5e792c4113b7ddc3e7fcead71d57aaa16b
NODE=v24.21.0 PNPM=11.25.0
Scope: all 6 workspace projects
? Verifying lockfile against supply-chain policies (586 entries)...
Lockfile is up to date, resolution step is skipped
Progress: resolved 1, reused 0, downloaded 0, added 0
Packages: +400
++++++++++++++++++++++++++++++++++++++++++++++++++++++++++++++++++++++++++++++++
Progress: resolved 400, reused 0, downloaded 0, added 0
Progress: resolved 400, reused 0, downloaded 14, added 0
Progress: resolved 400, reused 0, downloaded 58, added 0
✓ Lockfile passes supply-chain policies (586 entries in 3.5s)
Progress: resolved 400, reused 0, downloaded 62, added 0
Packages are hard linked from the content-addressable store to the virtual store.
  Content-addressable store is at: /home/exedev/.local/share/pnpm/store/v11
  Virtual store is at:             node_modules/.pnpm
Progress: resolved 400, reused 0, downloaded 97, added 4
Progress: resolved 400, reused 0, downloaded 162, added 8
Progress: resolved 400, reused 0, downloaded 400, added 103
Progress: resolved 400, reused 0, downloaded 400, added 400, done
.../node_modules/workerd postinstall$ node install.js
.../esbuild@0.27.0/node_modules/esbuild postinstall$ node install.js
.../esbuild@0.25.4/node_modules/esbuild postinstall$ node install.js
.../esbuild@0.28.1/node_modules/esbuild postinstall$ node install.js
.../node_modules/workerd postinstall: Done
.../esbuild@0.27.0/node_modules/esbuild postinstall: Done
.../esbuild@0.28.1/node_modules/esbuild postinstall: Done
.../esbuild@0.25.4/node_modules/esbuild postinstall: Done

dependencies:
+ @parlor/auth 0.1.0 <- vendor/parlor/packages/auth
+ @parlor/convex 0.1.0 <- vendor/parlor/integrations/convex
+ @parlor/core 0.1.0 <- vendor/parlor/packages/core
+ @parlor/react 0.1.0 <- vendor/parlor/packages/react
+ @parlor/web 0.1.0 <- vendor/parlor/packages/web
+ convex 1.45.0
+ effect 3.22.1
+ next 16.3.4
+ react 19.2.8
+ react-dom 19.2.8

devDependencies:
+ @opennextjs/cloudflare 1.20.6
+ @types/node 26.0.0
+ @types/react 19.2.18
+ @types/react-dom 19.2.7
+ typescript 7.0.2
+ wrangler 4.129.0

Done in 8.5s using pnpm v11.25.0
$ pnpm --filter './vendor/parlor/**' -r build
Scope: 5 of 6 workspace projects
vendor/parlor/packages/auth build$ tsc -p tsconfig.json
vendor/parlor/packages/core build$ tsc -p tsconfig.json
vendor/parlor/packages/core build: Done
vendor/parlor/packages/web build$ tsc -p tsconfig.json
vendor/parlor/packages/auth build: Done
vendor/parlor/integrations/convex build$ tsc -p tsconfig.json
vendor/parlor/packages/web build: Done
vendor/parlor/packages/react build$ tsc -p tsconfig.json
vendor/parlor/packages/react build: Done
vendor/parlor/integrations/convex build: Done
$ tsc --noEmit
app/layout.tsx(3,8): error TS2882: Cannot find module or type declarations for side-effect import of '@fontsource-variable/fraunces'.
app/layout.tsx(4,8): error TS2882: Cannot find module or type declarations for side-effect import of '@fontsource-variable/manrope'.
app/page.tsx(175,17): error TS2322: Type 'unknown' is not assignable to type 'ReactNode'.
convex/productEvents.ts(76,42): error TS2345: Argument of type 'Readonly<{ eventId: string; eventName: "answer_submitted" | "match_abandoned" | "match_complete" | "match_start" | "replay" | "room_created" | "room_joined" | "round_adjudicated" | "round_complete" | "round_start" | "session_start"; ... 6 more ...; props: Readonly<...>; }>' is not assignable to parameter of type '{ actorId: null; environment: "production" | "staging" | "test"; eventId: string; eventName: "answer_submitted" | "match_abandoned" | "match_complete" | "match_start" | "replay" | ... 5 more ... | "session_start"; ... 4 more ...; sessionId: string; }'.
  Types of property 'props' are incompatible.
    Type 'Readonly<Record<string, string | number | boolean>>' is not assignable to type '{ mode: "match"; new_visitor: boolean; } | { room_players: number; } | { game_mode: "hive-mind" | "soulmate"; room_players: number; round_count: number; } | { prompt_id: string; round_index: number; } | ... 5 more ... | { ...; }'.
      Type 'Readonly<Record<string, string | number | boolean>>' is missing the following properties from type '{ game_mode: "hive-mind" | "soulmate"; room_players: number; round_count: number; }': game_mode, room_players, round_count
convex/productEvents.ts(114,42): error TS2339: Property 'productEvents' does not exist on type '{ jev: { loadRoundState: FunctionReference<"query", "internal", { roundId: Id<"rounds">; }, { promptId: string; promptText: string; mode: "hive-mind" | "soulmate"; pairs: { a: Id<"players">; b: Id<...>; }[] | null; answers: { ...; }[]; retained: { ...; }[]; participantIds: Id<...>[]; } | null, string | undefined>; s...'.
convex/productEvents.ts(124,42): error TS2339: Property 'productEvents' does not exist on type '{ jev: { loadRoundState: FunctionReference<"query", "internal", { roundId: Id<"rounds">; }, { promptId: string; promptText: string; mode: "hive-mind" | "soulmate"; pairs: { a: Id<"players">; b: Id<...>; }[] | null; answers: { ...; }[]; retained: { ...; }[]; participantIds: Id<...>[]; } | null, string | undefined>; s...'.
tests/presentation.test.ts(22,18): error TS2769: No overload matches this call.
  The last overload gave the following error.
    Argument of type 'string | undefined' is not assignable to parameter of type 'string'.
      Type 'undefined' is not assignable to type 'string'.
tests/presentation.test.ts(23,25): error TS2769: No overload matches this call.
  The last overload gave the following error.
    Argument of type 'string | undefined' is not assignable to parameter of type 'string'.
      Type 'undefined' is not assignable to type 'string'.
[ELIFECYCLE] Command failed with exit code 1.
EXIT_STATUS=1
