=== pnpm check ===
$ pnpm build:parlor && pnpm lint && pnpm typecheck && pnpm test && next build
$ pnpm --filter './vendor/parlor/**' -r build
Scope: 5 of 6 workspace projects
vendor/parlor/packages/auth build$ tsc -p tsconfig.json
vendor/parlor/packages/core build$ tsc -p tsconfig.json
vendor/parlor/packages/core build: Done
vendor/parlor/packages/web build$ tsc -p tsconfig.json
vendor/parlor/packages/auth build: Done
vendor/parlor/integrations/convex build$ tsc -p tsconfig.json
vendor/parlor/packages/web build: Done
vendor/parlor/packages/react build$ tsc -p tsconfig.json
vendor/parlor/packages/react build: Done
vendor/parlor/integrations/convex build: Done
$ oxlint --deny-warnings app convex tests scripts evidence/qa/*.mjs instrumentation.ts instrumentation-client.ts sentry.server.config.ts sentry.edge.config.ts next.config.ts
Found 0 warnings and 0 errors.
Finished in 21ms on 52 files with 96 rules using 2 threads.
$ next typegen && tsc --noEmit
Generating route types...
✓ Types generated successfully
$ pnpm test:unit && pnpm test:convex
$ node --test tests/*.test.ts
✔ Convex modules use deployable path components (4.861844ms)
✔ isolated local mode serves production builds over loopback HTTP (23.353589ms)
✔ runtime attribution is explicit and production releases are exact commits (1.428493ms)
✔ Sentry enables attributed low-volume traces only with a valid project DSN (0.253767ms)
✔ Sentry redaction removes player and request identity but preserves trace mechanics (0.382645ms)
✔ health reports exact attribution only after the Convex backend contract passes (22.033565ms)
✔ health fails closed without reflecting backend details (0.584833ms)
✔ operations registration consumes the approved game-operations interface (8.296923ms)
✔ brand ships editable square and 16-first optical marks (5.005272ms)
✔ share metadata and icons are wired in the root layout (2.445582ms)
✔ player surfaces contain no browser identity or engineering explanations (2.869967ms)
✔ Fireflies tokens and Fraunces display type are part of the real surface (0.905319ms)
✔ mobile ambience cannot widen the viewport and disabled actions read as unavailable (0.81054ms)
✔ Kindred taxonomy covers the complete product loop (0.662532ms)
✔ buildProductEvent accepts typed, content-free measurements (0.953479ms)
✔ product events require explicit environment and anonymous actors (0.423825ms)
✔ product events reject player content and PII-shaped props (0.231817ms)
✔ event-specific runtime validation rejects malformed measurements (0.321026ms)
✔ summary excludes test traffic, deduplicates, and exposes replay and failures (0.389326ms)
✔ reveal headline uses the largest actual group (0.621043ms)
✔ reveal headline is honest when nobody matched (0.109199ms)
✔ cluster labels match visible state and count (0.136378ms)
✔ normalizeAnswer canonicalizes case, spacing, punctuation, unicode (1.211456ms)
✔ pairKey is order-independent and collision-free (0.141169ms)
✔ validateAnswer enforces non-empty bounded answers (0.617833ms)
✔ canonical duplicates collapse without any oracle call (1.162796ms)
✔ car matches automobile not bus; goose matches geese not swan (0.540773ms)
✔ pending adjudication never merges, blocks reveal, retries fairly (0.454255ms)
✔ retained verdicts are reused; duplicate submissions never reroll (0.254377ms)
✔ clustering is deterministic for identical inputs (0.228847ms)
✔ mutual two-player override merges shared-memory answers (0.84014ms)
✔ Hive Mind party scoring: one point per other player in the group (0.303336ms)
✔ Hive Mind n-1 ceiling: all players sharing one group score n-1 (0.164319ms)
✔ Soulmate: 2 for partner match, 4 when no outsider matches, else 0 (0.758491ms)
✔ Soulmate honors a mutual override as a partner match (0.153648ms)
✔ two-player session record counts shared thoughts, not compatibility (0.116079ms)
✔ soulmatePairs pairs seats in order; odd tail stays unpaired (0.106458ms)
✔ clusterAnswers tolerates empty input (0.102669ms)
✔ product environment is explicit and closed (0.84578ms)
✔ release accepts an exact git SHA or a bounded release label (0.276127ms)
✔ Sentry DSN accepts only public HTTPS project DSNs (0.218537ms)
ℹ tests 41
ℹ suites 0
ℹ pass 41
ℹ fail 0
ℹ cancelled 0
ℹ skipped 0
ℹ todo 0
ℹ duration_ms 999.40659
$ vitest run tests/convex/events.test.ts

[1m[30m[46m RUN [49m[39m[22m [36mv5.0.0 [39m[90m/home/exedev/kindred[39m

 [32m✓[39m tests/convex/events.test.ts [2m([22m[2m2 tests[22m[2m)[22m[32m 298[2mms[22m[39m

[2m Test Files [22m [1m[32m1 passed[39m[22m[90m (1)[39m
[2m      Tests [22m [1m[32m2 passed[39m[22m[90m (2)[39m
[2m   Start at [22m 08:05:25
[2m   Duration [22m 780ms[2m (tests 43%, import 40%, transform 16%)[22m

▲ Next.js 16.3.4 (Turbopack)
✓ Running next.config.ts took 234ms

  Creating an optimized production build ...
✓ Compiled successfully in 657ms
  Running TypeScript ...
  Finished TypeScript in 691ms ...
  Collecting page data using 1 worker ...
  Generating static pages using 1 worker (0/5) ...
  Generating static pages using 1 worker (1/5) 
  Generating static pages using 1 worker (2/5) 
  Generating static pages using 1 worker (3/5) 
✓ Generating static pages using 1 worker (5/5) in 296ms
  Finalizing page optimization ...

Route (app)
┌ ○ /
├ ○ /_not-found
├ ƒ /api/guest
├ ƒ /api/health
└ ○ /icon.svg


○  (Static)   prerendered as static content
ƒ  (Dynamic)  server-rendered on demand

EXIT_STATUS=0
