PRODUCT_EVENT_SUMMARY
{
  "abandonments": 1,
  "environment": "test",
  "evaluatorFailures": 0,
  "matchesCompleted": 3,
  "replays": 2,
  "roundsCompleted": 18,
  "sampledEvents": 117,
  "sessionsEngaged": 3,
  "sessionsStarted": 4,
  "truncated": false
}

QUARANTINE_SUMMARY
{
  "reasons": {},
  "sampled": 0,
  "truncated": false
}

APP_HEALTH
{"status":"ok","service":"kindred","environment":"test","release":"local","checkedAt":"2026-09-22T07:16:26.033Z","dependencies":{"backend":"ok"}}
BACKEND_HEALTH
{"status":"ok","service":"kindred-backend"}
EXIT_STATUS=0
